// Jest Snapshot v1, https://goo.gl/fbAQLP

exports[`UrlContainer should match the snapshot 1`] = `
<p>
  No urls yet! Find some to shorten!
</p>
`;
